=== 2026-08-21T10:43:20Z 5 MLflow experiments (GD1) ===
$ MLFLOW_TRACKING_URI=sqlite:///mlflow.db .venv/bin/python run_experiments.py
2026/08/21 17:43:21 INFO mlflow.store.db.utils: Creating initial MLflow database tables...
2026/08/21 17:43:21 INFO mlflow.store.db.utils: Updating database tables
INFO  [alembic.runtime.migration] Context impl SQLiteImpl.
INFO  [alembic.runtime.migration] Will assume non-transactional DDL.
INFO  [alembic.runtime.migration] Running upgrade  -> 451aebb31d03, add metric step
INFO  [alembic.runtime.migration] Running upgrade 451aebb31d03 -> 90e64c465722, migrate user column to tags
INFO  [alembic.runtime.migration] Running upgrade 90e64c465722 -> 181f10493468, allow nulls for metric values
INFO  [alembic.runtime.migration] Running upgrade 181f10493468 -> df50e92ffc5e, Add Experiment Tags Table
INFO  [alembic.runtime.migration] Running upgrade df50e92ffc5e -> 7ac759974ad8, Update run tags with larger limit
INFO  [alembic.runtime.migration] Running upgrade 7ac759974ad8 -> 89d4b8295536, create latest metrics table
INFO  [89d4b8295536_create_latest_metrics_table_py] Migration complete!
INFO  [alembic.runtime.migration] Running upgrade 89d4b8295536 -> 2b4d017a5e9b, add model registry tables to db
INFO  [2b4d017a5e9b_add_model_registry_tables_to_db_py] Adding registered_models and model_versions tables to database.
INFO  [2b4d017a5e9b_add_model_registry_tables_to_db_py] Migration complete!
INFO  [alembic.runtime.migration] Running upgrade 2b4d017a5e9b -> cfd24bdc0731, Update run status constraint with killed
INFO  [alembic.runtime.migration] Running upgrade cfd24bdc0731 -> 0a8213491aaa, drop_duplicate_killed_constraint
INFO  [alembic.runtime.migration] Running upgrade 0a8213491aaa -> 728d730b5ebd, add registered model tags table
INFO  [alembic.runtime.migration] Running upgrade 728d730b5ebd -> 27a6a02d2cf1, add model version tags table
INFO  [alembic.runtime.migration] Running upgrade 27a6a02d2cf1 -> 84291f40a231, add run_link to model_version
INFO  [alembic.runtime.migration] Running upgrade 84291f40a231 -> a8c4a736bde6, allow nulls for run_id
INFO  [alembic.runtime.migration] Running upgrade a8c4a736bde6 -> 39d1c3be5f05, add_is_nan_constraint_for_metrics_tables_if_necessary
INFO  [alembic.runtime.migration] Running upgrade 39d1c3be5f05 -> c48cb773bb87, reset_default_value_for_is_nan_in_metrics_table_for_mysql
INFO  [alembic.runtime.migration] Running upgrade c48cb773bb87 -> bd07f7e963c5, create index on run_uuid
INFO  [alembic.runtime.migration] Running upgrade bd07f7e963c5 -> 0c779009ac13, add deleted_time field to runs table
INFO  [alembic.runtime.migration] Running upgrade 0c779009ac13 -> cc1f77228345, change param value length to 500
INFO  [alembic.runtime.migration] Running upgrade cc1f77228345 -> 97727af70f4d, Add creation_time and last_update_time to experiments table
INFO  [alembic.runtime.migration] Running upgrade 97727af70f4d -> 3500859a5d39, Add Model Aliases table
INFO  [alembic.runtime.migration] Running upgrade 3500859a5d39 -> 7f2a7d5fae7d, add datasets inputs input_tags tables
INFO  [alembic.runtime.migration] Running upgrade 7f2a7d5fae7d -> 2d6e25af4d3e, increase max param val length from 500 to 8000
INFO  [alembic.runtime.migration] Running upgrade 2d6e25af4d3e -> acf3f17fdcc7, add storage location field to model versions
INFO  [alembic.runtime.migration] Running upgrade acf3f17fdcc7 -> 867495a8f9d4, add trace tables
INFO  [alembic.runtime.migration] Context impl SQLiteImpl.
INFO  [alembic.runtime.migration] Will assume non-transactional DDL.
2026/08/21 17:43:21 INFO mlflow.tracking.fluent: Experiment with name 'wine-quality-rf' does not exist. Creating a new experiment.
/home/nhat/Downloads/TRACK2-DAY21-2A202601155-TRANNGUYENTHENHAT/.venv/lib/python3.10/site-packages/_distutils_hack/__init__.py:15: UserWarning: Distutils was imported before Setuptools, but importing Setuptools also replaces the `distutils` module in `sys.modules`. This may lead to undesirable behaviors or errors. To avoid these issues, avoid using distutils directly, ensure that setuptools is installed in the traditional way (e.g. not an editable install), and/or make sure that setuptools is always imported before distutils.
  warnings.warn(
/home/nhat/Downloads/TRACK2-DAY21-2A202601155-TRANNGUYENTHENHAT/.venv/lib/python3.10/site-packages/_distutils_hack/__init__.py:30: UserWarning: Setuptools is replacing distutils. Support for replacing an already imported distutils is deprecated. In the future, this condition will fail. Register concerns at https://github.com/pypa/setuptools/issues/new?template=distutils-deprecation.yml
  warnings.warn(
/home/nhat/Downloads/TRACK2-DAY21-2A202601155-TRANNGUYENTHENHAT/.venv/lib/python3.10/site-packages/_distutils_hack/__init__.py:15: UserWarning: Distutils was imported before Setuptools, but importing Setuptools also replaces the `distutils` module in `sys.modules`. This may lead to undesirable behaviors or errors. To avoid these issues, avoid using distutils directly, ensure that setuptools is installed in the traditional way (e.g. not an editable install), and/or make sure that setuptools is always imported before distutils.
  warnings.warn(
/home/nhat/Downloads/TRACK2-DAY21-2A202601155-TRANNGUYENTHENHAT/.venv/lib/python3.10/site-packages/_distutils_hack/__init__.py:30: UserWarning: Setuptools is replacing distutils. Support for replacing an already imported distutils is deprecated. In the future, this condition will fail. Register concerns at https://github.com/pypa/setuptools/issues/new?template=distutils-deprecation.yml
  warnings.warn(
/home/nhat/Downloads/TRACK2-DAY21-2A202601155-TRANNGUYENTHENHAT/.venv/lib/python3.10/site-packages/_distutils_hack/__init__.py:15: UserWarning: Distutils was imported before Setuptools, but importing Setuptools also replaces the `distutils` module in `sys.modules`. This may lead to undesirable behaviors or errors. To avoid these issues, avoid using distutils directly, ensure that setuptools is installed in the traditional way (e.g. not an editable install), and/or make sure that setuptools is always imported before distutils.
  warnings.warn(
/home/nhat/Downloads/TRACK2-DAY21-2A202601155-TRANNGUYENTHENHAT/.venv/lib/python3.10/site-packages/_distutils_hack/__init__.py:30: UserWarning: Setuptools is replacing distutils. Support for replacing an already imported distutils is deprecated. In the future, this condition will fail. Register concerns at https://github.com/pypa/setuptools/issues/new?template=distutils-deprecation.yml
  warnings.warn(
/home/nhat/Downloads/TRACK2-DAY21-2A202601155-TRANNGUYENTHENHAT/.venv/lib/python3.10/site-packages/_distutils_hack/__init__.py:15: UserWarning: Distutils was imported before Setuptools, but importing Setuptools also replaces the `distutils` module in `sys.modules`. This may lead to undesirable behaviors or errors. To avoid these issues, avoid using distutils directly, ensure that setuptools is installed in the traditional way (e.g. not an editable install), and/or make sure that setuptools is always imported before distutils.
  warnings.warn(
/home/nhat/Downloads/TRACK2-DAY21-2A202601155-TRANNGUYENTHENHAT/.venv/lib/python3.10/site-packages/_distutils_hack/__init__.py:30: UserWarning: Setuptools is replacing distutils. Support for replacing an already imported distutils is deprecated. In the future, this condition will fail. Register concerns at https://github.com/pypa/setuptools/issues/new?template=distutils-deprecation.yml
  warnings.warn(

=== Run 1/5: {'n_estimators': 100, 'max_depth': 5, 'min_samples_split': 2} ===
Accuracy: 0.5640 | F1: 0.5534
=== Run 1/5 done: accuracy=0.5640 ===

=== Run 2/5: {'n_estimators': 50, 'max_depth': 3, 'min_samples_split': 2} ===
Accuracy: 0.5580 | F1: 0.5185
=== Run 2/5 done: accuracy=0.5580 ===

=== Run 3/5: {'n_estimators': 200, 'max_depth': 10, 'min_samples_split': 5} ===
Accuracy: 0.6440 | F1: 0.6417
=== Run 3/5 done: accuracy=0.6440 ===

=== Run 4/5: {'n_estimators': 300, 'max_depth': None, 'min_samples_split': 2} ===
Accuracy: 0.6820 | F1: 0.6811
=== Run 4/5 done: accuracy=0.6820 ===

=== Run 5/5: {'n_estimators': 200, 'max_depth': 20, 'min_samples_split': 5} ===
Accuracy: 0.6640 | F1: 0.6621
=== Run 5/5 done: accuracy=0.6640 ===

=== 2026-08-21T10:43:54Z them 5 run (RF manh hon + Bonus2 gradient_boosting/logistic_regression) ===
$ MLFLOW_TRACKING_URI=sqlite:///mlflow.db .venv/bin/python run_experiments2.py

=== Run 6: {'n_estimators': 500, 'max_depth': None, 'min_samples_split': 2} ===
Accuracy: 0.6760 | F1: 0.6748
=== Run 6 done: accuracy=0.6760 ===

=== Run 7: {'n_estimators': 400, 'max_depth': None, 'min_samples_split': 2} ===
Accuracy: 0.6740 | F1: 0.6729
=== Run 7 done: accuracy=0.6740 ===

=== Run 8: {'model_type': 'gradient_boosting', 'n_estimators': 200, 'max_depth': 5, 'min_samples_split': 2} ===
Accuracy: 0.6740 | F1: 0.6731
=== Run 8 done: accuracy=0.6740 ===

=== Run 9: {'model_type': 'gradient_boosting', 'n_estimators': 300, 'max_depth': 3, 'min_samples_split': 2} ===
Accuracy: 0.6020 | F1: 0.5997
=== Run 9 done: accuracy=0.6020 ===

=== Run 10: {'model_type': 'logistic_regression', 'n_estimators': 100, 'max_depth': 5, 'min_samples_split': 2} ===
Accuracy: 0.5680 | F1: 0.5632
=== Run 10 done: accuracy=0.5680 ===

=== 2026-08-21T10:44:38Z tuning sau them RF (max_features/class_weight/bootstrap) ===
$ MLFLOW_TRACKING_URI=sqlite:///mlflow.db .venv/bin/python run_experiments3.py

=== Run 11: {'n_estimators': 300, 'max_depth': None, 'min_samples_split': 2, 'max_features': None} ===
Accuracy: 0.6720 | F1: 0.6705
=== Run 11 done: accuracy=0.6720 ===

=== Run 12: {'n_estimators': 300, 'max_depth': None, 'min_samples_split': 2, 'class_weight': 'balanced'} ===
Accuracy: 0.6680 | F1: 0.6663
=== Run 12 done: accuracy=0.6680 ===

=== Run 13: {'n_estimators': 500, 'max_depth': None, 'min_samples_split': 2, 'max_features': None, 'class_weight': 'balanced_subsample'} ===
Accuracy: 0.6700 | F1: 0.6684
=== Run 13 done: accuracy=0.6700 ===

=== Run 14: {'n_estimators': 300, 'max_depth': None, 'min_samples_split': 2, 'max_features': None, 'min_samples_leaf': 1, 'bootstrap': False} ===
Accuracy: 0.6260 | F1: 0.6253
=== Run 14 done: accuracy=0.6260 ===

=== Run 15: {'n_estimators': 600, 'max_depth': None, 'min_samples_split': 2, 'max_features': 'log2'} ===
Accuracy: 0.6780 | F1: 0.6769
=== Run 15 done: accuracy=0.6780 ===


=== SUMMARY ===
Run 11: acc=0.6720 params={'n_estimators': 300, 'max_depth': None, 'min_samples_split': 2, 'max_features': None}
Run 12: acc=0.6680 params={'n_estimators': 300, 'max_depth': None, 'min_samples_split': 2, 'class_weight': 'balanced'}
Run 13: acc=0.6700 params={'n_estimators': 500, 'max_depth': None, 'min_samples_split': 2, 'max_features': None, 'class_weight': 'balanced_subsample'}
Run 14: acc=0.6260 params={'n_estimators': 300, 'max_depth': None, 'min_samples_split': 2, 'max_features': None, 'min_samples_leaf': 1, 'bootstrap': False}
Run 15: acc=0.6780 params={'n_estimators': 600, 'max_depth': None, 'min_samples_split': 2, 'max_features': 'log2'}
