+ cd /Users/nhatnguyen/Desktop/AIA/labs/TRACK2-DAY21-2A202601155-TRANNGUYENTHENHAT
+ python3 -m venv .venv
+ .venv/bin/python -m pip install --upgrade pip
Requirement already satisfied: pip in ./.venv/lib/python3.11/site-packages (24.0)
Collecting pip
  Using cached pip-26.2.1-py3-none-any.whl.metadata (4.6 kB)
Using cached pip-26.2.1-py3-none-any.whl (1.8 MB)
Installing collected packages: pip
  Attempting uninstall: pip
    Found existing installation: pip 24.0
    Uninstalling pip-24.0:
      Successfully uninstalled pip-24.0
Successfully installed pip-26.2.1
+ .venv/bin/pip install -r requirements.txt
Collecting mlflow==2.13.0 (from -r requirements.txt (line 1))
  Downloading mlflow-2.13.0-py3-none-any.whl.metadata (29 kB)
Collecting scikit-learn==1.4.2 (from -r requirements.txt (line 2))
  Downloading scikit_learn-1.4.2-cp311-cp311-macosx_12_0_arm64.whl.metadata (11 kB)
Collecting pandas==2.2.2 (from -r requirements.txt (line 3))
  Downloading pandas-2.2.2-cp311-cp311-macosx_11_0_arm64.whl.metadata (19 kB)
Collecting dvc==3.50.1 (from dvc[gs]==3.50.1->-r requirements.txt (line 4))
  Downloading dvc-3.50.1-py3-none-any.whl.metadata (17 kB)
Collecting pathspec==0.11.2 (from -r requirements.txt (line 5))
  Downloading pathspec-0.11.2-py3-none-any.whl.metadata (19 kB)
Collecting pytest==8.2.0 (from -r requirements.txt (line 6))
  Downloading pytest-8.2.0-py3-none-any.whl.metadata (7.5 kB)
Collecting fastapi==0.111.0 (from -r requirements.txt (line 7))
  Downloading fastapi-0.111.0-py3-none-any.whl.metadata (25 kB)
Collecting uvicorn==0.29.0 (from -r requirements.txt (line 8))
  Downloading uvicorn-0.29.0-py3-none-any.whl.metadata (6.3 kB)
Collecting joblib==1.4.2 (from -r requirements.txt (line 9))
  Downloading joblib-1.4.2-py3-none-any.whl.metadata (5.4 kB)
Collecting google-cloud-storage==2.16.0 (from -r requirements.txt (line 10))
  Downloading google_cloud_storage-2.16.0-py2.py3-none-any.whl.metadata (6.1 kB)
Collecting pyyaml==6.0.1 (from -r requirements.txt (line 11))
  Downloading PyYAML-6.0.1-cp311-cp311-macosx_11_0_arm64.whl.metadata (2.1 kB)
Collecting Flask<4 (from mlflow==2.13.0->-r requirements.txt (line 1))
  Using cached flask-3.1.3-py3-none-any.whl.metadata (3.2 kB)
Collecting alembic!=1.10.0,<2 (from mlflow==2.13.0->-r requirements.txt (line 1))
  Downloading alembic-1.19.1-py3-none-any.whl.metadata (7.3 kB)
Collecting cachetools<6,>=5.0.0 (from mlflow==2.13.0->-r requirements.txt (line 1))
  Downloading cachetools-5.5.2-py3-none-any.whl.metadata (5.4 kB)
Collecting click<9,>=7.0 (from mlflow==2.13.0->-r requirements.txt (line 1))
  Using cached click-8.4.2-py3-none-any.whl.metadata (2.6 kB)
Collecting cloudpickle<4 (from mlflow==2.13.0->-r requirements.txt (line 1))
  Using cached cloudpickle-3.1.2-py3-none-any.whl.metadata (7.1 kB)
Collecting docker<8,>=4.0.0 (from mlflow==2.13.0->-r requirements.txt (line 1))
  Using cached docker-7.2.0-py3-none-any.whl.metadata (3.8 kB)
Collecting entrypoints<1 (from mlflow==2.13.0->-r requirements.txt (line 1))
  Downloading entrypoints-0.4-py3-none-any.whl.metadata (2.6 kB)
Collecting gitpython<4,>=3.1.9 (from mlflow==2.13.0->-r requirements.txt (line 1))
  Downloading gitpython-3.1.59-py3-none-any.whl.metadata (13 kB)
Collecting graphene<4 (from mlflow==2.13.0->-r requirements.txt (line 1))
  Downloading graphene-3.4.3-py2.py3-none-any.whl.metadata (6.9 kB)
Collecting importlib-metadata!=4.7.0,<8,>=3.7.0 (from mlflow==2.13.0->-r requirements.txt (line 1))
  Downloading importlib_metadata-7.2.1-py3-none-any.whl.metadata (4.6 kB)
Collecting markdown<4,>=3.3 (from mlflow==2.13.0->-r requirements.txt (line 1))
  Downloading markdown-3.10.3-py3-none-any.whl.metadata (5.1 kB)
Collecting matplotlib<4 (from mlflow==2.13.0->-r requirements.txt (line 1))
  Using cached matplotlib-3.11.1-cp311-cp311-macosx_11_0_arm64.whl.metadata (80 kB)
Collecting numpy<2 (from mlflow==2.13.0->-r requirements.txt (line 1))
  Using cached numpy-1.26.4-cp311-cp311-macosx_11_0_arm64.whl.metadata (114 kB)
Collecting opentelemetry-api<3,>=1.0.0 (from mlflow==2.13.0->-r requirements.txt (line 1))
  Using cached opentelemetry_api-1.44.0-py3-none-any.whl.metadata (1.4 kB)
Collecting opentelemetry-sdk<3,>=1.0.0 (from mlflow==2.13.0->-r requirements.txt (line 1))
  Using cached opentelemetry_sdk-1.44.0-py3-none-any.whl.metadata (1.6 kB)
Collecting packaging<25 (from mlflow==2.13.0->-r requirements.txt (line 1))
  Using cached packaging-24.2-py3-none-any.whl.metadata (3.2 kB)
Collecting protobuf<5,>=3.12.0 (from mlflow==2.13.0->-r requirements.txt (line 1))
  Downloading protobuf-4.25.9-cp37-abi3-macosx_10_9_universal2.whl.metadata (541 bytes)
Collecting pyarrow<16,>=4.0.0 (from mlflow==2.13.0->-r requirements.txt (line 1))
  Downloading pyarrow-15.0.2-cp311-cp311-macosx_11_0_arm64.whl.metadata (3.0 kB)
Collecting pytz<2025 (from mlflow==2.13.0->-r requirements.txt (line 1))
  Downloading pytz-2024.2-py2.py3-none-any.whl.metadata (22 kB)
Collecting querystring-parser<2 (from mlflow==2.13.0->-r requirements.txt (line 1))
  Downloading querystring_parser-1.2.4-py2.py3-none-any.whl.metadata (559 bytes)
Collecting requests<3,>=2.17.3 (from mlflow==2.13.0->-r requirements.txt (line 1))
  Using cached requests-2.34.2-py3-none-any.whl.metadata (4.8 kB)
Collecting scipy<2 (from mlflow==2.13.0->-r requirements.txt (line 1))
  Using cached scipy-1.17.1-cp311-cp311-macosx_14_0_arm64.whl.metadata (62 kB)
Collecting sqlalchemy<3,>=1.4.0 (from mlflow==2.13.0->-r requirements.txt (line 1))
  Using cached sqlalchemy-2.0.52-cp311-cp311-macosx_11_0_arm64.whl.metadata (9.6 kB)
Collecting sqlparse<1,>=0.4.0 (from mlflow==2.13.0->-r requirements.txt (line 1))
  Downloading sqlparse-0.6.0-py3-none-any.whl.metadata (6.0 kB)
Collecting Jinja2<4,>=2.11 (from mlflow==2.13.0->-r requirements.txt (line 1))
  Using cached jinja2-3.1.6-py3-none-any.whl.metadata (2.9 kB)
Collecting gunicorn<23 (from mlflow==2.13.0->-r requirements.txt (line 1))
  Downloading gunicorn-22.0.0-py3-none-any.whl.metadata (4.4 kB)
Collecting threadpoolctl>=2.0.0 (from scikit-learn==1.4.2->-r requirements.txt (line 2))
  Using cached threadpoolctl-3.6.0-py3-none-any.whl.metadata (13 kB)
Collecting python-dateutil>=2.8.2 (from pandas==2.2.2->-r requirements.txt (line 3))
  Using cached python_dateutil-2.9.0.post0-py2.py3-none-any.whl.metadata (8.4 kB)
Collecting tzdata>=2022.7 (from pandas==2.2.2->-r requirements.txt (line 3))
  Using cached tzdata-2026.3-py2.py3-none-any.whl.metadata (1.4 kB)
Collecting attrs>=22.2.0 (from dvc==3.50.1->dvc[gs]==3.50.1->-r requirements.txt (line 4))
  Using cached attrs-26.1.0-py3-none-any.whl.metadata (8.8 kB)
Collecting celery (from dvc==3.50.1->dvc[gs]==3.50.1->-r requirements.txt (line 4))
  Downloading celery-5.6.3-py3-none-any.whl.metadata (23 kB)
Collecting colorama>=0.3.9 (from dvc==3.50.1->dvc[gs]==3.50.1->-r requirements.txt (line 4))
  Using cached colorama-0.4.6-py2.py3-none-any.whl.metadata (17 kB)
Collecting configobj>=5.0.6 (from dvc==3.50.1->dvc[gs]==3.50.1->-r requirements.txt (line 4))
  Downloading configobj-5.0.9-py2.py3-none-any.whl.metadata (3.2 kB)
Collecting distro>=1.3 (from dvc==3.50.1->dvc[gs]==3.50.1->-r requirements.txt (line 4))
  Using cached distro-1.9.0-py3-none-any.whl.metadata (6.8 kB)
Collecting dpath<3,>=2.1.0 (from dvc==3.50.1->dvc[gs]==3.50.1->-r requirements.txt (line 4))
  Downloading dpath-2.2.0-py3-none-any.whl.metadata (15 kB)
Collecting dulwich (from dvc==3.50.1->dvc[gs]==3.50.1->-r requirements.txt (line 4))
  Downloading dulwich-1.2.12-cp311-cp311-macosx_11_0_arm64.whl.metadata (6.0 kB)
Collecting dvc-data<3.16,>=3.15 (from dvc==3.50.1->dvc[gs]==3.50.1->-r requirements.txt (line 4))
  Downloading dvc_data-3.15.2-py3-none-any.whl.metadata (5.0 kB)
Collecting dvc-http>=2.29.0 (from dvc==3.50.1->dvc[gs]==3.50.1->-r requirements.txt (line 4))
  Downloading dvc_http-2.32.0-py3-none-any.whl.metadata (1.3 kB)
Collecting dvc-objects (from dvc==3.50.1->dvc[gs]==3.50.1->-r requirements.txt (line 4))
  Downloading dvc_objects-5.2.0-py3-none-any.whl.metadata (3.9 kB)
Collecting dvc-render<2,>=1.0.1 (from dvc==3.50.1->dvc[gs]==3.50.1->-r requirements.txt (line 4))
  Downloading dvc_render-1.0.2-py3-none-any.whl.metadata (5.4 kB)
Collecting dvc-studio-client<1,>=0.20 (from dvc==3.50.1->dvc[gs]==3.50.1->-r requirements.txt (line 4))
  Downloading dvc_studio_client-0.23.0-py3-none-any.whl.metadata (4.4 kB)
Collecting dvc-task<1,>=0.3.0 (from dvc==3.50.1->dvc[gs]==3.50.1->-r requirements.txt (line 4))
  Downloading dvc_task-0.40.2-py3-none-any.whl.metadata (10.0 kB)
Collecting flatten-dict<1,>=0.4.1 (from dvc==3.50.1->dvc[gs]==3.50.1->-r requirements.txt (line 4))
  Downloading flatten_dict-0.5.0-py3-none-any.whl.metadata (8.9 kB)
Collecting flufl.lock<8,>=5 (from dvc==3.50.1->dvc[gs]==3.50.1->-r requirements.txt (line 4))
  Downloading flufl.lock-7.1.1-py3-none-any.whl.metadata (3.3 kB)
Collecting fsspec (from dvc==3.50.1->dvc[gs]==3.50.1->-r requirements.txt (line 4))
  Using cached fsspec-2026.7.0-py3-none-any.whl.metadata (10 kB)
Collecting funcy>=1.14 (from dvc==3.50.1->dvc[gs]==3.50.1->-r requirements.txt (line 4))
  Downloading funcy-2.0-py2.py3-none-any.whl.metadata (5.9 kB)
Collecting grandalf<1,>=0.7 (from dvc==3.50.1->dvc[gs]==3.50.1->-r requirements.txt (line 4))
  Downloading grandalf-0.8-py3-none-any.whl.metadata (1.7 kB)
Collecting gto<2,>=1.6.0 (from dvc==3.50.1->dvc[gs]==3.50.1->-r requirements.txt (line 4))
  Downloading gto-1.10.1-py3-none-any.whl.metadata (4.8 kB)
Collecting hydra-core>=1.1 (from dvc==3.50.1->dvc[gs]==3.50.1->-r requirements.txt (line 4))
  Downloading hydra_core-1.3.5-py3-none-any.whl.metadata (5.7 kB)
Collecting iterative-telemetry>=0.0.7 (from dvc==3.50.1->dvc[gs]==3.50.1->-r requirements.txt (line 4))
  Downloading iterative_telemetry-0.0.10-py3-none-any.whl.metadata (4.1 kB)
Collecting kombu (from dvc==3.50.1->dvc[gs]==3.50.1->-r requirements.txt (line 4))
  Downloading kombu-5.6.2-py3-none-any.whl.metadata (3.5 kB)
Collecting networkx>=2.5 (from dvc==3.50.1->dvc[gs]==3.50.1->-r requirements.txt (line 4))
  Using cached networkx-3.6.1-py3-none-any.whl.metadata (6.8 kB)
Collecting omegaconf (from dvc==3.50.1->dvc[gs]==3.50.1->-r requirements.txt (line 4))
  Using cached omegaconf-2.3.1-py3-none-any.whl.metadata (4.5 kB)
Collecting platformdirs<4,>=3.1.1 (from dvc==3.50.1->dvc[gs]==3.50.1->-r requirements.txt (line 4))
  Downloading platformdirs-3.11.0-py3-none-any.whl.metadata (11 kB)
Collecting psutil>=5.8 (from dvc==3.50.1->dvc[gs]==3.50.1->-r requirements.txt (line 4))
  Using cached psutil-7.2.2-cp36-abi3-macosx_11_0_arm64.whl.metadata (22 kB)
Collecting pydot>=1.2.4 (from dvc==3.50.1->dvc[gs]==3.50.1->-r requirements.txt (line 4))
  Downloading pydot-4.0.1-py3-none-any.whl.metadata (11 kB)
Collecting pygtrie>=2.3.2 (from dvc==3.50.1->dvc[gs]==3.50.1->-r requirements.txt (line 4))
  Downloading pygtrie-2.5.0-py3-none-any.whl.metadata (7.5 kB)
Collecting pyparsing>=2.4.7 (from dvc==3.50.1->dvc[gs]==3.50.1->-r requirements.txt (line 4))
  Using cached pyparsing-3.3.2-py3-none-any.whl.metadata (5.8 kB)
Collecting rich>=12 (from dvc==3.50.1->dvc[gs]==3.50.1->-r requirements.txt (line 4))
  Using cached rich-15.0.0-py3-none-any.whl.metadata (18 kB)
Collecting ruamel.yaml>=0.17.11 (from dvc==3.50.1->dvc[gs]==3.50.1->-r requirements.txt (line 4))
  Using cached ruamel_yaml-0.19.1-py3-none-any.whl.metadata (16 kB)
Collecting scmrepo<4,>=3.3.2 (from dvc==3.50.1->dvc[gs]==3.50.1->-r requirements.txt (line 4))
  Downloading scmrepo-3.6.2-py3-none-any.whl.metadata (4.8 kB)
Collecting shortuuid>=0.5 (from dvc==3.50.1->dvc[gs]==3.50.1->-r requirements.txt (line 4))
  Downloading shortuuid-1.0.13-py3-none-any.whl.metadata (5.8 kB)
Collecting shtab<2,>=1.3.4 (from dvc==3.50.1->dvc[gs]==3.50.1->-r requirements.txt (line 4))
  Downloading shtab-1.11.0-py3-none-any.whl.metadata (7.5 kB)
Collecting tabulate>=0.8.7 (from dvc==3.50.1->dvc[gs]==3.50.1->-r requirements.txt (line 4))
  Using cached tabulate-0.10.0-py3-none-any.whl.metadata (40 kB)
Collecting tomlkit>=0.11.1 (from dvc==3.50.1->dvc[gs]==3.50.1->-r requirements.txt (line 4))
  Downloading tomlkit-0.15.1-py3-none-any.whl.metadata (3.3 kB)
Collecting tqdm<5,>=4.63.1 (from dvc==3.50.1->dvc[gs]==3.50.1->-r requirements.txt (line 4))
  Using cached tqdm-4.70.0-py3-none-any.whl.metadata (57 kB)
Collecting voluptuous>=0.11.7 (from dvc==3.50.1->dvc[gs]==3.50.1->-r requirements.txt (line 4))
  Downloading voluptuous-0.16.0-py3-none-any.whl.metadata (20 kB)
Collecting zc.lockfile>=1.2.1 (from dvc==3.50.1->dvc[gs]==3.50.1->-r requirements.txt (line 4))
  Downloading zc_lockfile-4.0-py3-none-any.whl.metadata (6.6 kB)
Collecting iniconfig (from pytest==8.2.0->-r requirements.txt (line 6))
  Using cached iniconfig-2.3.0-py3-none-any.whl.metadata (2.5 kB)
Collecting pluggy<2.0,>=1.5 (from pytest==8.2.0->-r requirements.txt (line 6))
  Using cached pluggy-1.6.0-py3-none-any.whl.metadata (4.8 kB)
Collecting starlette<0.38.0,>=0.37.2 (from fastapi==0.111.0->-r requirements.txt (line 7))
  Downloading starlette-0.37.2-py3-none-any.whl.metadata (5.9 kB)
Collecting pydantic!=1.8,!=1.8.1,!=2.0.0,!=2.0.1,!=2.1.0,<3.0.0,>=1.7.4 (from fastapi==0.111.0->-r requirements.txt (line 7))
  Using cached pydantic-2.13.4-py3-none-any.whl.metadata (109 kB)
Collecting typing-extensions>=4.8.0 (from fastapi==0.111.0->-r requirements.txt (line 7))
  Using cached typing_extensions-4.16.0-py3-none-any.whl.metadata (3.3 kB)
Collecting fastapi-cli>=0.0.2 (from fastapi==0.111.0->-r requirements.txt (line 7))
  Downloading fastapi_cli-0.0.32-py3-none-any.whl.metadata (6.7 kB)
Collecting httpx>=0.23.0 (from fastapi==0.111.0->-r requirements.txt (line 7))
  Using cached httpx-0.28.1-py3-none-any.whl.metadata (7.1 kB)
Collecting python-multipart>=0.0.7 (from fastapi==0.111.0->-r requirements.txt (line 7))
  Using cached python_multipart-0.0.32-py3-none-any.whl.metadata (2.1 kB)
Collecting ujson!=4.0.2,!=4.1.0,!=4.2.0,!=4.3.0,!=5.0.0,!=5.1.0,>=4.0.1 (from fastapi==0.111.0->-r requirements.txt (line 7))
  Downloading ujson-5.13.0-cp311-cp311-macosx_11_0_arm64.whl.metadata (10.0 kB)
Collecting orjson>=3.2.1 (from fastapi==0.111.0->-r requirements.txt (line 7))
  Using cached orjson-3.12.0-cp311-cp311-macosx_10_15_x86_64.macosx_11_0_arm64.macosx_10_15_universal2.whl.metadata (41 kB)
Collecting email_validator>=2.0.0 (from fastapi==0.111.0->-r requirements.txt (line 7))
  Downloading email_validator-2.3.0-py3-none-any.whl.metadata (26 kB)
Collecting h11>=0.8 (from uvicorn==0.29.0->-r requirements.txt (line 8))
  Using cached h11-0.16.0-py3-none-any.whl.metadata (8.3 kB)
Collecting google-auth<3.0dev,>=2.26.1 (from google-cloud-storage==2.16.0->-r requirements.txt (line 10))
  Using cached google_auth-2.56.3-py3-none-any.whl.metadata (6.0 kB)
Collecting google-api-core<3.0.0dev,>=2.15.0 (from google-cloud-storage==2.16.0->-r requirements.txt (line 10))
  Using cached google_api_core-2.34.0-py3-none-any.whl.metadata (2.9 kB)
Collecting google-cloud-core<3.0dev,>=2.3.0 (from google-cloud-storage==2.16.0->-r requirements.txt (line 10))
  Using cached google_cloud_core-2.6.1-py3-none-any.whl.metadata (2.8 kB)
Collecting google-resumable-media>=2.6.0 (from google-cloud-storage==2.16.0->-r requirements.txt (line 10))
  Downloading google_resumable_media-2.10.1-py3-none-any.whl.metadata (2.2 kB)
Collecting google-crc32c<2.0dev,>=1.0 (from google-cloud-storage==2.16.0->-r requirements.txt (line 10))
  Downloading google_crc32c-1.8.0-cp311-cp311-macosx_12_0_arm64.whl.metadata (1.7 kB)
Collecting dvc-gs<4,>=3 (from dvc[gs]==3.50.1->-r requirements.txt (line 4))
  Downloading dvc_gs-3.1.0-py3-none-any.whl.metadata (1.3 kB)
Collecting Mako (from alembic!=1.10.0,<2->mlflow==2.13.0->-r requirements.txt (line 1))
  Downloading mako-1.4.1-py3-none-any.whl.metadata (2.9 kB)
Collecting urllib3>=1.26.0 (from docker<8,>=4.0.0->mlflow==2.13.0->-r requirements.txt (line 1))
  Using cached urllib3-2.7.0-py3-none-any.whl.metadata (6.9 kB)
Collecting dictdiffer>=0.8.1 (from dvc-data<3.16,>=3.15->dvc==3.50.1->dvc[gs]==3.50.1->-r requirements.txt (line 4))
  Downloading dictdiffer-0.10.0-py3-none-any.whl.metadata (2.9 kB)
Collecting diskcache>=5.2.1 (from dvc-data<3.16,>=3.15->dvc==3.50.1->dvc[gs]==3.50.1->-r requirements.txt (line 4))
  Using cached diskcache-5.6.3-py3-none-any.whl.metadata (20 kB)
Collecting sqltrie<1,>=0.11.0 (from dvc-data<3.16,>=3.15->dvc==3.50.1->dvc[gs]==3.50.1->-r requirements.txt (line 4))
  Downloading sqltrie-0.11.2-py3-none-any.whl.metadata (3.3 kB)
Collecting gcsfs>=2022.11.0 (from dvc-gs<4,>=3->dvc[gs]==3.50.1->-r requirements.txt (line 4))
  Downloading gcsfs-2026.8.0-py3-none-any.whl.metadata (4.6 kB)
Collecting billiard<5.0,>=4.2.1 (from celery->dvc==3.50.1->dvc[gs]==3.50.1->-r requirements.txt (line 4))
  Downloading billiard-4.2.4-py3-none-any.whl.metadata (4.8 kB)
Collecting vine<6.0,>=5.1.0 (from celery->dvc==3.50.1->dvc[gs]==3.50.1->-r requirements.txt (line 4))
  Downloading vine-5.1.0-py3-none-any.whl.metadata (2.7 kB)
Collecting click-didyoumean>=0.3.0 (from celery->dvc==3.50.1->dvc[gs]==3.50.1->-r requirements.txt (line 4))
  Downloading click_didyoumean-0.3.1-py3-none-any.whl.metadata (3.9 kB)
Collecting click-repl>=0.2.0 (from celery->dvc==3.50.1->dvc[gs]==3.50.1->-r requirements.txt (line 4))
  Downloading click_repl-0.3.0-py3-none-any.whl.metadata (3.6 kB)
Collecting click-plugins>=1.1.1 (from celery->dvc==3.50.1->dvc[gs]==3.50.1->-r requirements.txt (line 4))
  Downloading click_plugins-1.1.1.2-py2.py3-none-any.whl.metadata (6.5 kB)
Collecting tzlocal (from celery->dvc==3.50.1->dvc[gs]==3.50.1->-r requirements.txt (line 4))
  Using cached tzlocal-5.4.4-py3-none-any.whl.metadata (7.7 kB)
Collecting blinker>=1.9.0 (from Flask<4->mlflow==2.13.0->-r requirements.txt (line 1))
  Using cached blinker-1.9.0-py3-none-any.whl.metadata (1.6 kB)
Collecting itsdangerous>=2.2.0 (from Flask<4->mlflow==2.13.0->-r requirements.txt (line 1))
  Using cached itsdangerous-2.2.0-py3-none-any.whl.metadata (1.9 kB)
Collecting markupsafe>=2.1.1 (from Flask<4->mlflow==2.13.0->-r requirements.txt (line 1))
  Using cached markupsafe-3.0.3-cp311-cp311-macosx_11_0_arm64.whl.metadata (2.7 kB)
Collecting werkzeug>=3.1.0 (from Flask<4->mlflow==2.13.0->-r requirements.txt (line 1))
  Using cached werkzeug-3.1.8-py3-none-any.whl.metadata (4.0 kB)
Collecting atpublic>=2.3 (from flufl.lock<8,>=5->dvc==3.50.1->dvc[gs]==3.50.1->-r requirements.txt (line 4))
  Downloading atpublic-7.0.0-py3-none-any.whl.metadata (2.0 kB)
Collecting gitdb<5,>=4.0.1 (from gitpython<4,>=3.1.9->mlflow==2.13.0->-r requirements.txt (line 1))
  Using cached gitdb-4.0.12-py3-none-any.whl.metadata (1.2 kB)
Collecting smmap<6,>=3.0.1 (from gitdb<5,>=4.0.1->gitpython<4,>=3.1.9->mlflow==2.13.0->-r requirements.txt (line 1))
  Using cached smmap-5.0.3-py3-none-any.whl.metadata (4.6 kB)
Collecting googleapis-common-protos<2.0.0,>=1.69.2 (from google-api-core<3.0.0dev,>=2.15.0->google-cloud-storage==2.16.0->-r requirements.txt (line 10))
  Using cached googleapis_common_protos-1.75.1-py3-none-any.whl.metadata (8.5 kB)
INFO: pip is looking at multiple versions of google-api-core to determine which version is compatible with other requirements. This could take a while.
Collecting google-api-core<3.0.0dev,>=2.15.0 (from google-cloud-storage==2.16.0->-r requirements.txt (line 10))
  Downloading google_api_core-2.33.0-py3-none-any.whl.metadata (3.2 kB)
  Downloading google_api_core-2.32.0-py3-none-any.whl.metadata (3.2 kB)
  Downloading google_api_core-2.31.0-py3-none-any.whl.metadata (3.2 kB)
  Downloading google_api_core-2.30.3-py3-none-any.whl.metadata (3.1 kB)
Collecting proto-plus<2.0.0,>=1.22.3 (from google-api-core<3.0.0dev,>=2.15.0->google-cloud-storage==2.16.0->-r requirements.txt (line 10))
  Using cached proto_plus-1.28.3-py3-none-any.whl.metadata (2.2 kB)
Collecting pyasn1-modules>=0.2.1 (from google-auth<3.0dev,>=2.26.1->google-cloud-storage==2.16.0->-r requirements.txt (line 10))
  Using cached pyasn1_modules-0.4.2-py3-none-any.whl.metadata (3.5 kB)
Collecting cryptography>=38.0.3 (from google-auth<3.0dev,>=2.26.1->google-cloud-storage==2.16.0->-r requirements.txt (line 10))
  Using cached cryptography-50.0.0-cp311-abi3-macosx_11_0_arm64.whl.metadata (4.3 kB)
INFO: pip is looking at multiple versions of googleapis-common-protos to determine which version is compatible with other requirements. This could take a while.
Collecting googleapis-common-protos<2.0.0,>=1.63.2 (from google-api-core<3.0.0dev,>=2.15.0->google-cloud-storage==2.16.0->-r requirements.txt (line 10))
  Using cached googleapis_common_protos-1.75.0-py3-none-any.whl.metadata (8.6 kB)
Collecting graphql-core<3.3,>=3.1 (from graphene<4->mlflow==2.13.0->-r requirements.txt (line 1))
  Downloading graphql_core-3.2.11-py3-none-any.whl.metadata (11 kB)
Collecting graphql-relay<3.3,>=3.1 (from graphene<4->mlflow==2.13.0->-r requirements.txt (line 1))
  Downloading graphql_relay-3.2.0-py3-none-any.whl.metadata (12 kB)
Collecting pydantic-settings>=2 (from gto<2,>=1.6.0->dvc==3.50.1->dvc[gs]==3.50.1->-r requirements.txt (line 4))
  Using cached pydantic_settings-2.15.0-py3-none-any.whl.metadata (3.9 kB)
Collecting semver>=2.13.0 (from gto<2,>=1.6.0->dvc==3.50.1->dvc[gs]==3.50.1->-r requirements.txt (line 4))
  Downloading semver-3.0.4-py3-none-any.whl.metadata (6.8 kB)
Collecting zipp>=0.5 (from importlib-metadata!=4.7.0,<8,>=3.7.0->mlflow==2.13.0->-r requirements.txt (line 1))
  Using cached zipp-4.1.0-py3-none-any.whl.metadata (3.6 kB)
Collecting amqp<6.0.0,>=5.1.1 (from kombu->dvc==3.50.1->dvc[gs]==3.50.1->-r requirements.txt (line 4))
  Downloading amqp-5.3.1-py3-none-any.whl.metadata (8.9 kB)
Collecting contourpy>=1.0.1 (from matplotlib<4->mlflow==2.13.0->-r requirements.txt (line 1))
  Using cached contourpy-1.3.3-cp311-cp311-macosx_11_0_arm64.whl.metadata (5.5 kB)
Collecting cycler>=0.10 (from matplotlib<4->mlflow==2.13.0->-r requirements.txt (line 1))
  Using cached cycler-0.12.1-py3-none-any.whl.metadata (3.8 kB)
Collecting fonttools>=4.28.2 (from matplotlib<4->mlflow==2.13.0->-r requirements.txt (line 1))
  Using cached fonttools-4.63.0-cp311-cp311-macosx_10_9_universal2.whl.metadata (118 kB)
Collecting kiwisolver>=1.3.1 (from matplotlib<4->mlflow==2.13.0->-r requirements.txt (line 1))
  Using cached kiwisolver-1.5.0-cp311-cp311-macosx_11_0_arm64.whl.metadata (5.1 kB)
Collecting pillow>=9 (from matplotlib<4->mlflow==2.13.0->-r requirements.txt (line 1))
  Using cached pillow-12.3.0-cp311-cp311-macosx_11_0_arm64.whl.metadata (9.1 kB)
Collecting opentelemetry-semantic-conventions==0.65b0 (from opentelemetry-sdk<3,>=1.0.0->mlflow==2.13.0->-r requirements.txt (line 1))
  Using cached opentelemetry_semantic_conventions-0.65b0-py3-none-any.whl.metadata (2.4 kB)
INFO: pip is looking at multiple versions of proto-plus to determine which version is compatible with other requirements. This could take a while.
Collecting proto-plus<2.0.0,>=1.22.3 (from google-api-core<3.0.0dev,>=2.15.0->google-cloud-storage==2.16.0->-r requirements.txt (line 10))
  Downloading proto_plus-1.28.2-py3-none-any.whl.metadata (2.2 kB)
Collecting annotated-types>=0.6.0 (from pydantic!=1.8,!=1.8.1,!=2.0.0,!=2.0.1,!=2.1.0,<3.0.0,>=1.7.4->fastapi==0.111.0->-r requirements.txt (line 7))
  Using cached annotated_types-0.8.0-py3-none-any.whl.metadata (15 kB)
Collecting pydantic-core==2.46.4 (from pydantic!=1.8,!=1.8.1,!=2.0.0,!=2.0.1,!=2.1.0,<3.0.0,>=1.7.4->fastapi==0.111.0->-r requirements.txt (line 7))
  Using cached pydantic_core-2.46.4-cp311-cp311-macosx_11_0_arm64.whl.metadata (6.6 kB)
Collecting typing-inspection>=0.4.2 (from pydantic!=1.8,!=1.8.1,!=2.0.0,!=2.0.1,!=2.1.0,<3.0.0,>=1.7.4->fastapi==0.111.0->-r requirements.txt (line 7))
  Using cached typing_inspection-0.4.4-py3-none-any.whl.metadata (2.6 kB)
Collecting six>=1.5 (from python-dateutil>=2.8.2->pandas==2.2.2->-r requirements.txt (line 3))
  Using cached six-1.17.0-py2.py3-none-any.whl.metadata (1.7 kB)
Collecting charset_normalizer<4,>=2 (from requests<3,>=2.17.3->mlflow==2.13.0->-r requirements.txt (line 1))
  Using cached charset_normalizer-3.5.1-cp311-cp311-macosx_10_9_universal2.whl.metadata (45 kB)
Collecting idna<4,>=2.5 (from requests<3,>=2.17.3->mlflow==2.13.0->-r requirements.txt (line 1))
  Using cached idna-3.19-py3-none-any.whl.metadata (9.2 kB)
Collecting certifi>=2023.5.7 (from requests<3,>=2.17.3->mlflow==2.13.0->-r requirements.txt (line 1))
  Using cached certifi-2026.7.22-py3-none-any.whl.metadata (2.5 kB)
Collecting pygit2>=1.14.0 (from scmrepo<4,>=3.3.2->dvc==3.50.1->dvc[gs]==3.50.1->-r requirements.txt (line 4))
  Downloading pygit2-1.20.0-cp311-cp311-macosx_11_0_arm64.whl.metadata (3.7 kB)
Collecting asyncssh<3,>=2.13.1 (from scmrepo<4,>=3.3.2->dvc==3.50.1->dvc[gs]==3.50.1->-r requirements.txt (line 4))
  Downloading asyncssh-2.24.0-py3-none-any.whl.metadata (9.8 kB)
Collecting aiohttp-retry>=2.5.0 (from scmrepo<4,>=3.3.2->dvc==3.50.1->dvc[gs]==3.50.1->-r requirements.txt (line 4))
  Using cached aiohttp_retry-2.9.1-py3-none-any.whl.metadata (8.8 kB)
Collecting anyio<5,>=3.4.0 (from starlette<0.38.0,>=0.37.2->fastapi==0.111.0->-r requirements.txt (line 7))
  Using cached anyio-4.14.2-py3-none-any.whl.metadata (4.6 kB)
Collecting aiohttp (from aiohttp-retry>=2.5.0->scmrepo<4,>=3.3.2->dvc==3.50.1->dvc[gs]==3.50.1->-r requirements.txt (line 4))
  Using cached aiohttp-3.14.3-cp311-cp311-macosx_11_0_arm64.whl.metadata (8.3 kB)
Collecting prompt-toolkit>=3.0.36 (from click-repl>=0.2.0->celery->dvc==3.50.1->dvc[gs]==3.50.1->-r requirements.txt (line 4))
  Using cached prompt_toolkit-3.0.53-py3-none-any.whl.metadata (6.4 kB)
Collecting cffi>=2.0.0 (from cryptography>=38.0.3->google-auth<3.0dev,>=2.26.1->google-cloud-storage==2.16.0->-r requirements.txt (line 10))
  Using cached cffi-2.1.1-cp311-cp311-macosx_11_0_arm64.whl.metadata (2.5 kB)
Collecting pycparser (from cffi>=2.0.0->cryptography>=38.0.3->google-auth<3.0dev,>=2.26.1->google-cloud-storage==2.16.0->-r requirements.txt (line 10))
  Using cached pycparser-3.0-py3-none-any.whl.metadata (8.2 kB)
Collecting dnspython>=2.0.0 (from email_validator>=2.0.0->fastapi==0.111.0->-r requirements.txt (line 7))
  Downloading dnspython-2.8.0-py3-none-any.whl.metadata (5.7 kB)
Collecting typer>=0.16.0 (from fastapi-cli>=0.0.2->fastapi==0.111.0->-r requirements.txt (line 7))
  Using cached typer-0.27.1-py3-none-any.whl.metadata (16 kB)
Collecting rich-toolkit>=0.14.8 (from fastapi-cli>=0.0.2->fastapi==0.111.0->-r requirements.txt (line 7))
  Downloading rich_toolkit-0.20.3-py3-none-any.whl.metadata (1.0 kB)
Collecting decorator>4.1.2 (from gcsfs>=2022.11.0->dvc-gs<4,>=3->dvc[gs]==3.50.1->-r requirements.txt (line 4))
  Downloading decorator-5.3.1-py3-none-any.whl.metadata (3.9 kB)
Collecting google-auth-oauthlib (from gcsfs>=2022.11.0->dvc-gs<4,>=3->dvc[gs]==3.50.1->-r requirements.txt (line 4))
  Using cached google_auth_oauthlib-1.4.0-py3-none-any.whl.metadata (2.6 kB)
Collecting google-cloud-storage-control (from gcsfs>=2022.11.0->dvc-gs<4,>=3->dvc[gs]==3.50.1->-r requirements.txt (line 4))
  Downloading google_cloud_storage_control-1.13.0-py3-none-any.whl.metadata (9.8 kB)
INFO: pip is looking at multiple versions of gcsfs to determine which version is compatible with other requirements. This could take a while.
Collecting gcsfs>=2022.11.0 (from dvc-gs<4,>=3->dvc[gs]==3.50.1->-r requirements.txt (line 4))
  Downloading gcsfs-2026.7.0-py3-none-any.whl.metadata (4.6 kB)
  Downloading gcsfs-2026.6.0-py3-none-any.whl.metadata (4.6 kB)
  Downloading gcsfs-2026.5.0-py3-none-any.whl.metadata (4.5 kB)
  Downloading gcsfs-2026.4.0-py3-none-any.whl.metadata (4.5 kB)
  Downloading gcsfs-2026.3.0-py3-none-any.whl.metadata (2.1 kB)
  Downloading gcsfs-2026.2.0-py3-none-any.whl.metadata (2.1 kB)
  Downloading gcsfs-2026.1.0-py3-none-any.whl.metadata (2.1 kB)
INFO: pip is still looking at multiple versions of gcsfs to determine which version is compatible with other requirements. This could take a while.
  Downloading gcsfs-2025.12.0-py3-none-any.whl.metadata (2.1 kB)
  Downloading gcsfs-2025.10.0-py2.py3-none-any.whl.metadata (2.1 kB)
  Downloading gcsfs-2025.9.0-py2.py3-none-any.whl.metadata (2.1 kB)
  Downloading gcsfs-2025.7.0-py2.py3-none-any.whl.metadata (2.1 kB)
  Downloading gcsfs-2025.5.1-py2.py3-none-any.whl.metadata (1.9 kB)
INFO: This is taking longer than usual. You might need to provide the dependency resolver with stricter constraints to reduce runtime. See https://pip.pypa.io/warnings/backtracking for guidance. If you want to abort this run, press Ctrl + C.
  Downloading gcsfs-2025.5.0.post1-py2.py3-none-any.whl.metadata (1.9 kB)
  Downloading gcsfs-2025.5.0-py2.py3-none-any.whl.metadata (1.9 kB)
  Downloading gcsfs-2025.3.2-py2.py3-none-any.whl.metadata (1.9 kB)
  Downloading gcsfs-2025.3.1-py2.py3-none-any.whl.metadata (1.9 kB)
  Downloading gcsfs-2025.3.0-py2.py3-none-any.whl.metadata (1.9 kB)
  Downloading gcsfs-2025.2.0-py2.py3-none-any.whl.metadata (1.9 kB)
  Downloading gcsfs-2024.12.0-py2.py3-none-any.whl.metadata (1.6 kB)
  Downloading gcsfs-2024.10.0-py2.py3-none-any.whl.metadata (1.6 kB)
  Downloading gcsfs-2024.9.0.post1-py2.py3-none-any.whl.metadata (1.6 kB)
  Downloading gcsfs-2024.6.1-py2.py3-none-any.whl.metadata (1.6 kB)
  Downloading gcsfs-2024.6.0-py2.py3-none-any.whl.metadata (1.6 kB)
  Downloading gcsfs-2024.5.0-py2.py3-none-any.whl.metadata (1.6 kB)
  Downloading gcsfs-2024.3.1-py2.py3-none-any.whl.metadata (1.6 kB)
  Downloading gcsfs-2024.2.0-py2.py3-none-any.whl.metadata (1.6 kB)
  Downloading gcsfs-2023.12.2.post1-py2.py3-none-any.whl.metadata (1.6 kB)
  Downloading gcsfs-2023.12.1-py2.py3-none-any.whl.metadata (1.6 kB)
  Downloading gcsfs-2023.12.0-py2.py3-none-any.whl.metadata (1.6 kB)
  Downloading gcsfs-2023.10.0-py2.py3-none-any.whl.metadata (1.6 kB)
  Downloading gcsfs-2023.9.2-py2.py3-none-any.whl.metadata (1.6 kB)
  Downloading gcsfs-2023.9.1-py2.py3-none-any.whl.metadata (1.6 kB)
  Downloading gcsfs-2023.9.0-py2.py3-none-any.whl.metadata (1.6 kB)
  Downloading gcsfs-2023.6.0-py2.py3-none-any.whl.metadata (1.6 kB)
  Downloading gcsfs-2023.5.0-py2.py3-none-any.whl.metadata (1.6 kB)
  Downloading gcsfs-2023.4.0-py2.py3-none-any.whl.metadata (1.6 kB)
  Downloading gcsfs-2023.3.0-py2.py3-none-any.whl.metadata (1.6 kB)
  Downloading gcsfs-2023.1.0-py2.py3-none-any.whl.metadata (1.6 kB)
  Downloading gcsfs-2022.11.0-py2.py3-none-any.whl.metadata (1.6 kB)
Collecting fsspec[tqdm]>=2024.2.0 (from scmrepo<4,>=3.3.2->dvc==3.50.1->dvc[gs]==3.50.1->-r requirements.txt (line 4))
  Using cached fsspec-2026.6.0-py3-none-any.whl.metadata (10 kB)
Collecting fsspec (from dvc==3.50.1->dvc[gs]==3.50.1->-r requirements.txt (line 4))
  Downloading fsspec-2026.3.0-py3-none-any.whl.metadata (10 kB)
  Downloading fsspec-2026.2.0-py3-none-any.whl.metadata (10 kB)
  Downloading fsspec-2026.1.0-py3-none-any.whl.metadata (10 kB)
  Downloading fsspec-2025.12.0-py3-none-any.whl.metadata (10 kB)
INFO: pip is looking at multiple versions of fsspec[tqdm] to determine which version is compatible with other requirements. This could take a while.
Collecting fsspec[tqdm]>=2024.2.0 (from scmrepo<4,>=3.3.2->dvc==3.50.1->dvc[gs]==3.50.1->-r requirements.txt (line 4))
  Downloading fsspec-2026.4.0-py3-none-any.whl.metadata (10 kB)
Collecting aiohappyeyeballs>=2.5.0 (from aiohttp->aiohttp-retry>=2.5.0->scmrepo<4,>=3.3.2->dvc==3.50.1->dvc[gs]==3.50.1->-r requirements.txt (line 4))
  Using cached aiohappyeyeballs-2.7.1-py3-none-any.whl.metadata (5.9 kB)
Collecting aiosignal>=1.4.0 (from aiohttp->aiohttp-retry>=2.5.0->scmrepo<4,>=3.3.2->dvc==3.50.1->dvc[gs]==3.50.1->-r requirements.txt (line 4))
  Using cached aiosignal-1.4.0-py3-none-any.whl.metadata (3.7 kB)
Collecting frozenlist>=1.1.1 (from aiohttp->aiohttp-retry>=2.5.0->scmrepo<4,>=3.3.2->dvc==3.50.1->dvc[gs]==3.50.1->-r requirements.txt (line 4))
  Using cached frozenlist-1.8.0-cp311-cp311-macosx_11_0_arm64.whl.metadata (20 kB)
Collecting multidict<7.0,>=4.5 (from aiohttp->aiohttp-retry>=2.5.0->scmrepo<4,>=3.3.2->dvc==3.50.1->dvc[gs]==3.50.1->-r requirements.txt (line 4))
  Using cached multidict-6.7.1-cp311-cp311-macosx_11_0_arm64.whl.metadata (5.3 kB)
Collecting propcache>=0.2.0 (from aiohttp->aiohttp-retry>=2.5.0->scmrepo<4,>=3.3.2->dvc==3.50.1->dvc[gs]==3.50.1->-r requirements.txt (line 4))
  Using cached propcache-0.5.2-cp311-cp311-macosx_11_0_arm64.whl.metadata (16 kB)
Collecting yarl<2.0,>=1.17.0 (from aiohttp->aiohttp-retry>=2.5.0->scmrepo<4,>=3.3.2->dvc==3.50.1->dvc[gs]==3.50.1->-r requirements.txt (line 4))
  Using cached yarl-1.24.5-cp311-cp311-macosx_11_0_arm64.whl.metadata (103 kB)
Collecting httpcore==1.* (from httpx>=0.23.0->fastapi==0.111.0->-r requirements.txt (line 7))
  Using cached httpcore-1.0.9-py3-none-any.whl.metadata (21 kB)
Collecting antlr4-python3-runtime==4.9.* (from hydra-core>=1.1->dvc==3.50.1->dvc[gs]==3.50.1->-r requirements.txt (line 4))
  Using cached antlr4_python3_runtime-4.9.3-py3-none-any.whl
Collecting appdirs (from iterative-telemetry>=0.0.7->dvc==3.50.1->dvc[gs]==3.50.1->-r requirements.txt (line 4))
  Using cached appdirs-1.4.4-py2.py3-none-any.whl.metadata (9.0 kB)
Collecting filelock (from iterative-telemetry>=0.0.7->dvc==3.50.1->dvc[gs]==3.50.1->-r requirements.txt (line 4))
  Using cached filelock-3.32.3-py3-none-any.whl.metadata (2.0 kB)
Collecting wcwidth>=0.1.4 (from prompt-toolkit>=3.0.36->click-repl>=0.2.0->celery->dvc==3.50.1->dvc[gs]==3.50.1->-r requirements.txt (line 4))
  Using cached wcwidth-0.8.2-py3-none-any.whl.metadata (43 kB)
Collecting pyasn1<0.7.0,>=0.6.1 (from pyasn1-modules>=0.2.1->google-auth<3.0dev,>=2.26.1->google-cloud-storage==2.16.0->-r requirements.txt (line 10))
  Using cached pyasn1-0.6.4-py3-none-any.whl.metadata (8.4 kB)
Collecting python-dotenv>=0.21.0 (from pydantic-settings>=2->gto<2,>=1.6.0->dvc==3.50.1->dvc[gs]==3.50.1->-r requirements.txt (line 4))
  Using cached python_dotenv-1.2.3-py3-none-any.whl.metadata (29 kB)
Collecting markdown-it-py>=2.2.0 (from rich>=12->dvc==3.50.1->dvc[gs]==3.50.1->-r requirements.txt (line 4))
  Using cached markdown_it_py-4.2.0-py3-none-any.whl.metadata (7.4 kB)
Collecting pygments<3.0.0,>=2.13.0 (from rich>=12->dvc==3.50.1->dvc[gs]==3.50.1->-r requirements.txt (line 4))
  Using cached pygments-2.21.0-py3-none-any.whl.metadata (2.5 kB)
Collecting mdurl~=0.1 (from markdown-it-py>=2.2.0->rich>=12->dvc==3.50.1->dvc[gs]==3.50.1->-r requirements.txt (line 4))
  Using cached mdurl-0.1.2-py3-none-any.whl.metadata (1.6 kB)
Collecting shellingham>=1.3.0 (from typer>=0.16.0->fastapi-cli>=0.0.2->fastapi==0.111.0->-r requirements.txt (line 7))
  Using cached shellingham-1.5.4-py2.py3-none-any.whl.metadata (3.5 kB)
Collecting annotated-doc>=0.0.2 (from typer>=0.16.0->fastapi-cli>=0.0.2->fastapi==0.111.0->-r requirements.txt (line 7))
  Using cached annotated_doc-0.0.5-py3-none-any.whl.metadata (6.5 kB)
Collecting httptools>=0.5.0 (from uvicorn[standard]>=0.12.0->fastapi==0.111.0->-r requirements.txt (line 7))
  Using cached httptools-0.8.0-cp311-cp311-macosx_11_0_arm64.whl.metadata (3.5 kB)
Collecting uvloop!=0.15.0,!=0.15.1,>=0.14.0 (from uvicorn[standard]>=0.12.0->fastapi==0.111.0->-r requirements.txt (line 7))
  Using cached uvloop-0.22.1-cp311-cp311-macosx_10_9_universal2.whl.metadata (4.9 kB)
Collecting watchfiles>=0.13 (from uvicorn[standard]>=0.12.0->fastapi==0.111.0->-r requirements.txt (line 7))
  Using cached watchfiles-1.2.0-cp311-cp311-macosx_11_0_arm64.whl.metadata (4.9 kB)
Collecting websockets>=10.4 (from uvicorn[standard]>=0.12.0->fastapi==0.111.0->-r requirements.txt (line 7))
  Using cached websockets-17.0.1-cp311-cp311-macosx_11_0_arm64.whl.metadata (6.3 kB)
Requirement already satisfied: setuptools in ./.venv/lib/python3.11/site-packages (from zc.lockfile>=1.2.1->dvc==3.50.1->dvc[gs]==3.50.1->-r requirements.txt (line 4)) (65.5.0)
INFO: pip is looking at multiple versions of fsspec[http] to determine which version is compatible with other requirements. This could take a while.
Collecting requests-oauthlib>=0.7.0 (from google-auth-oauthlib->gcsfs>=2022.11.0->dvc-gs<4,>=3->dvc[gs]==3.50.1->-r requirements.txt (line 4))
  Using cached requests_oauthlib-2.0.0-py2.py3-none-any.whl.metadata (11 kB)
Collecting oauthlib>=3.0.0 (from requests-oauthlib>=0.7.0->google-auth-oauthlib->gcsfs>=2022.11.0->dvc-gs<4,>=3->dvc[gs]==3.50.1->-r requirements.txt (line 4))
  Using cached oauthlib-3.3.1-py3-none-any.whl.metadata (7.9 kB)
Collecting grpcio<2.0.0,>=1.59.0 (from google-cloud-storage-control->gcsfs>=2022.11.0->dvc-gs<4,>=3->dvc[gs]==3.50.1->-r requirements.txt (line 4))
  Using cached grpcio-1.83.0-cp311-cp311-macosx_11_0_universal2.whl.metadata (3.7 kB)
INFO: pip is looking at multiple versions of google-cloud-storage-control to determine which version is compatible with other requirements. This could take a while.
Collecting google-cloud-storage-control (from gcsfs>=2022.11.0->dvc-gs<4,>=3->dvc[gs]==3.50.1->-r requirements.txt (line 4))
  Downloading google_cloud_storage_control-1.12.0-py3-none-any.whl.metadata (9.8 kB)
Collecting grpc-google-iam-v1<1.0.0,>=0.14.0 (from google-cloud-storage-control->gcsfs>=2022.11.0->dvc-gs<4,>=3->dvc[gs]==3.50.1->-r requirements.txt (line 4))
  Downloading grpc_google_iam_v1-0.14.5-py3-none-any.whl.metadata (8.8 kB)
INFO: pip is looking at multiple versions of google-api-core[grpc] to determine which version is compatible with other requirements. This could take a while.
Collecting grpcio-status<2.0.0,>=1.33.2 (from google-api-core[grpc]<3.0.0,>=2.17.1->google-cloud-storage-control->gcsfs>=2022.11.0->dvc-gs<4,>=3->dvc[gs]==3.50.1->-r requirements.txt (line 4))
  Using cached grpcio_status-1.83.0-py3-none-any.whl.metadata (1.2 kB)
INFO: pip is looking at multiple versions of grpc-google-iam-v1 to determine which version is compatible with other requirements. This could take a while.
Collecting grpc-google-iam-v1<1.0.0,>=0.14.0 (from google-cloud-storage-control->gcsfs>=2022.11.0->dvc-gs<4,>=3->dvc[gs]==3.50.1->-r requirements.txt (line 4))
  Downloading grpc_google_iam_v1-0.14.4-py3-none-any.whl.metadata (9.1 kB)
INFO: pip is looking at multiple versions of googleapis-common-protos[grpc] to determine which version is compatible with other requirements. This could take a while.
INFO: pip is looking at multiple versions of grpcio-status to determine which version is compatible with other requirements. This could take a while.
Collecting grpcio-status<2.0.0,>=1.33.2 (from google-api-core[grpc]<3.0.0,>=2.17.1->google-cloud-storage-control->gcsfs>=2022.11.0->dvc-gs<4,>=3->dvc[gs]==3.50.1->-r requirements.txt (line 4))
  Downloading grpcio_status-1.82.1-py3-none-any.whl.metadata (1.2 kB)
  Downloading grpcio_status-1.81.1-py3-none-any.whl.metadata (1.2 kB)
  Downloading grpcio_status-1.81.0-py3-none-any.whl.metadata (1.2 kB)
  Downloading grpcio_status-1.80.0-py3-none-any.whl.metadata (1.3 kB)
  Downloading grpcio_status-1.78.0-py3-none-any.whl.metadata (1.3 kB)
  Downloading grpcio_status-1.76.0-py3-none-any.whl.metadata (1.1 kB)
  Downloading grpcio_status-1.75.1-py3-none-any.whl.metadata (1.1 kB)
INFO: pip is still looking at multiple versions of grpcio-status to determine which version is compatible with other requirements. This could take a while.
  Downloading grpcio_status-1.75.0-py3-none-any.whl.metadata (1.1 kB)
  Downloading grpcio_status-1.74.0-py3-none-any.whl.metadata (1.1 kB)
  Downloading grpcio_status-1.73.1-py3-none-any.whl.metadata (1.1 kB)
  Downloading grpcio_status-1.73.0-py3-none-any.whl.metadata (1.1 kB)
  Downloading grpcio_status-1.72.2-py3-none-any.whl.metadata (1.1 kB)
INFO: This is taking longer than usual. You might need to provide the dependency resolver with stricter constraints to reduce runtime. See https://pip.pypa.io/warnings/backtracking for guidance. If you want to abort this run, press Ctrl + C.
  Downloading grpcio_status-1.72.1-py3-none-any.whl.metadata (1.1 kB)
  Downloading grpcio_status-1.71.2-py3-none-any.whl.metadata (1.1 kB)
  Downloading grpcio_status-1.71.0-py3-none-any.whl.metadata (1.1 kB)
  Downloading grpcio_status-1.70.0-py3-none-any.whl.metadata (1.1 kB)
  Downloading grpcio_status-1.69.0-py3-none-any.whl.metadata (1.1 kB)
  Downloading grpcio_status-1.68.1-py3-none-any.whl.metadata (1.1 kB)
  Downloading grpcio_status-1.68.0-py3-none-any.whl.metadata (1.1 kB)
  Downloading grpcio_status-1.67.1-py3-none-any.whl.metadata (1.1 kB)
  Downloading grpcio_status-1.67.0-py3-none-any.whl.metadata (1.1 kB)
  Downloading grpcio_status-1.66.2-py3-none-any.whl.metadata (1.1 kB)
  Downloading grpcio_status-1.66.1-py3-none-any.whl.metadata (1.1 kB)
  Downloading grpcio_status-1.66.0-py3-none-any.whl.metadata (1.1 kB)
  Downloading grpcio_status-1.65.5-py3-none-any.whl.metadata (1.1 kB)
  Downloading grpcio_status-1.65.4-py3-none-any.whl.metadata (1.1 kB)
  Downloading grpcio_status-1.65.2-py3-none-any.whl.metadata (1.1 kB)
  Downloading grpcio_status-1.65.1-py3-none-any.whl.metadata (1.1 kB)
  Downloading grpcio_status-1.64.3-py3-none-any.whl.metadata (1.1 kB)
  Downloading grpcio_status-1.64.1-py3-none-any.whl.metadata (1.1 kB)
  Downloading grpcio_status-1.64.0-py3-none-any.whl.metadata (1.1 kB)
  Downloading grpcio_status-1.63.2-py3-none-any.whl.metadata (1.1 kB)
  Downloading grpcio_status-1.63.0-py3-none-any.whl.metadata (1.1 kB)
  Downloading grpcio_status-1.62.3-py3-none-any.whl.metadata (1.3 kB)
Downloading mlflow-2.13.0-py3-none-any.whl (25.0 MB)
   ━━━━━━━━━━━━━━━━━━━━━━━━━━━━━━━━━━━━━━━━ 25.0/25.0 MB 2.4 MB/s  0:00:10
Downloading scikit_learn-1.4.2-cp311-cp311-macosx_12_0_arm64.whl (10.5 MB)
   ━━━━━━━━━━━━━━━━━━━━━━━━━━━━━━━━━━━━━━━━ 10.5/10.5 MB 6.7 MB/s  0:00:01
Downloading pandas-2.2.2-cp311-cp311-macosx_11_0_arm64.whl (11.3 MB)
   ━━━━━━━━━━━━━━━━━━━━━━━━━━━━━━━━━━━━━━━━ 11.3/11.3 MB 7.9 MB/s  0:00:01
Downloading PyYAML-6.0.1-cp311-cp311-macosx_11_0_arm64.whl (167 kB)
Downloading dvc-3.50.1-py3-none-any.whl (451 kB)
Downloading pathspec-0.11.2-py3-none-any.whl (29 kB)
Downloading pytest-8.2.0-py3-none-any.whl (339 kB)
Downloading fastapi-0.111.0-py3-none-any.whl (91 kB)
Downloading uvicorn-0.29.0-py3-none-any.whl (60 kB)
Downloading joblib-1.4.2-py3-none-any.whl (301 kB)
Downloading google_cloud_storage-2.16.0-py2.py3-none-any.whl (125 kB)
Downloading alembic-1.19.1-py3-none-any.whl (265 kB)
Downloading cachetools-5.5.2-py3-none-any.whl (10 kB)
Using cached click-8.4.2-py3-none-any.whl (119 kB)
Using cached cloudpickle-3.1.2-py3-none-any.whl (22 kB)
Using cached docker-7.2.0-py3-none-any.whl (148 kB)
Downloading dpath-2.2.0-py3-none-any.whl (17 kB)
Downloading dvc_data-3.15.2-py3-none-any.whl (71 kB)
Downloading dvc_gs-3.1.0-py3-none-any.whl (11 kB)
Downloading dvc_objects-5.2.0-py3-none-any.whl (33 kB)
Downloading dvc_render-1.0.2-py3-none-any.whl (22 kB)
Downloading dvc_studio_client-0.23.0-py3-none-any.whl (16 kB)
Downloading dvc_task-0.40.2-py3-none-any.whl (21 kB)
Downloading celery-5.6.3-py3-none-any.whl (451 kB)
Downloading billiard-4.2.4-py3-none-any.whl (87 kB)
Downloading entrypoints-0.4-py3-none-any.whl (5.3 kB)
Using cached flask-3.1.3-py3-none-any.whl (103 kB)
Downloading flatten_dict-0.5.0-py3-none-any.whl (9.9 kB)
Downloading flufl.lock-7.1.1-py3-none-any.whl (11 kB)
Downloading gitpython-3.1.59-py3-none-any.whl (220 kB)
Using cached gitdb-4.0.12-py3-none-any.whl (62 kB)
Downloading google_api_core-2.30.3-py3-none-any.whl (173 kB)
Using cached google_auth-2.56.3-py3-none-any.whl (259 kB)
Using cached google_cloud_core-2.6.1-py3-none-any.whl (29 kB)
Downloading google_crc32c-1.8.0-cp311-cp311-macosx_12_0_arm64.whl (31 kB)
Using cached googleapis_common_protos-1.75.0-py3-none-any.whl (300 kB)
Downloading grandalf-0.8-py3-none-any.whl (41 kB)
Downloading graphene-3.4.3-py2.py3-none-any.whl (114 kB)
Downloading graphql_core-3.2.11-py3-none-any.whl (214 kB)
Downloading graphql_relay-3.2.0-py3-none-any.whl (16 kB)
Downloading gto-1.10.1-py3-none-any.whl (45 kB)
Downloading gunicorn-22.0.0-py3-none-any.whl (84 kB)
Downloading importlib_metadata-7.2.1-py3-none-any.whl (25 kB)
Using cached jinja2-3.1.6-py3-none-any.whl (134 kB)
Downloading kombu-5.6.2-py3-none-any.whl (214 kB)
Downloading vine-5.1.0-py3-none-any.whl (9.6 kB)
Downloading amqp-5.3.1-py3-none-any.whl (50 kB)
Downloading markdown-3.10.3-py3-none-any.whl (110 kB)
Using cached matplotlib-3.11.1-cp311-cp311-macosx_11_0_arm64.whl (9.3 MB)
Downloading numpy-1.26.4-cp311-cp311-macosx_11_0_arm64.whl (14.0 MB)
   ━━━━━━━━━━━━━━━━━━━━━━━━━━━━━━━━━━━━━━━━ 14.0/14.0 MB 4.7 MB/s  0:00:02
Using cached opentelemetry_api-1.44.0-py3-none-any.whl (60 kB)
Using cached opentelemetry_sdk-1.44.0-py3-none-any.whl (137 kB)
Using cached opentelemetry_semantic_conventions-0.65b0-py3-none-any.whl (204 kB)
Using cached packaging-24.2-py3-none-any.whl (65 kB)
Downloading platformdirs-3.11.0-py3-none-any.whl (17 kB)
Using cached pluggy-1.6.0-py3-none-any.whl (20 kB)
Downloading proto_plus-1.28.2-py3-none-any.whl (50 kB)
Downloading protobuf-4.25.9-cp37-abi3-macosx_10_9_universal2.whl (394 kB)
Downloading pyarrow-15.0.2-cp311-cp311-macosx_11_0_arm64.whl (24.2 MB)
   ━━━━━━━━━━━━━━━━━━━━━━━━━━━━━━━━━━━━━━━━ 24.2/24.2 MB 5.5 MB/s  0:00:04
Using cached pydantic-2.13.4-py3-none-any.whl (472 kB)
Using cached pydantic_core-2.46.4-cp311-cp311-macosx_11_0_arm64.whl (1.9 MB)
Using cached python_dateutil-2.9.0.post0-py2.py3-none-any.whl (229 kB)
Downloading pytz-2024.2-py2.py3-none-any.whl (508 kB)
Downloading querystring_parser-1.2.4-py2.py3-none-any.whl (7.9 kB)
Using cached requests-2.34.2-py3-none-any.whl (73 kB)
Using cached charset_normalizer-3.5.1-cp311-cp311-macosx_10_9_universal2.whl (363 kB)
Using cached idna-3.19-py3-none-any.whl (68 kB)
Using cached scipy-1.17.1-cp311-cp311-macosx_14_0_arm64.whl (20.3 MB)
Downloading scmrepo-3.6.2-py3-none-any.whl (74 kB)
Downloading asyncssh-2.24.0-py3-none-any.whl (381 kB)
Downloading dulwich-1.2.12-cp311-cp311-macosx_11_0_arm64.whl (1.4 MB)
   ━━━━━━━━━━━━━━━━━━━━━━━━━━━━━━━━━━━━━━━━ 1.4/1.4 MB 5.6 MB/s  0:00:00
Downloading shtab-1.11.0-py3-none-any.whl (17 kB)
Using cached smmap-5.0.3-py3-none-any.whl (24 kB)
Using cached sqlalchemy-2.0.52-cp311-cp311-macosx_11_0_arm64.whl (2.2 MB)
Downloading sqlparse-0.6.0-py3-none-any.whl (50 kB)
Downloading sqltrie-0.11.2-py3-none-any.whl (17 kB)
Downloading starlette-0.37.2-py3-none-any.whl (71 kB)
Using cached anyio-4.14.2-py3-none-any.whl (125 kB)
Using cached tqdm-4.70.0-py3-none-any.whl (80 kB)
Using cached typing_extensions-4.16.0-py3-none-any.whl (45 kB)
Using cached urllib3-2.7.0-py3-none-any.whl (131 kB)
Using cached aiohttp_retry-2.9.1-py3-none-any.whl (10.0 kB)
Using cached annotated_types-0.8.0-py3-none-any.whl (13 kB)
Downloading atpublic-7.0.0-py3-none-any.whl (6.4 kB)
Using cached attrs-26.1.0-py3-none-any.whl (67 kB)
Using cached blinker-1.9.0-py3-none-any.whl (8.5 kB)
Using cached certifi-2026.7.22-py3-none-any.whl (136 kB)
Downloading click_didyoumean-0.3.1-py3-none-any.whl (3.6 kB)
Downloading click_plugins-1.1.1.2-py2.py3-none-any.whl (11 kB)
Downloading click_repl-0.3.0-py3-none-any.whl (10 kB)
Using cached colorama-0.4.6-py2.py3-none-any.whl (25 kB)
Downloading configobj-5.0.9-py2.py3-none-any.whl (35 kB)
Using cached contourpy-1.3.3-cp311-cp311-macosx_11_0_arm64.whl (270 kB)
Using cached cryptography-50.0.0-cp311-abi3-macosx_11_0_arm64.whl (4.0 MB)
Using cached cffi-2.1.1-cp311-cp311-macosx_11_0_arm64.whl (184 kB)
Using cached cycler-0.12.1-py3-none-any.whl (8.3 kB)
Downloading dictdiffer-0.10.0-py3-none-any.whl (16 kB)
Using cached diskcache-5.6.3-py3-none-any.whl (45 kB)
Using cached distro-1.9.0-py3-none-any.whl (20 kB)
Downloading dvc_http-2.32.0-py3-none-any.whl (12 kB)
Downloading email_validator-2.3.0-py3-none-any.whl (35 kB)
Downloading dnspython-2.8.0-py3-none-any.whl (331 kB)
Downloading fastapi_cli-0.0.32-py3-none-any.whl (14 kB)
Using cached fonttools-4.63.0-cp311-cp311-macosx_10_9_universal2.whl (2.9 MB)
Downloading gcsfs-2025.12.0-py3-none-any.whl (41 kB)
Downloading fsspec-2025.12.0-py3-none-any.whl (201 kB)
Using cached aiohttp-3.14.3-cp311-cp311-macosx_11_0_arm64.whl (514 kB)
Using cached multidict-6.7.1-cp311-cp311-macosx_11_0_arm64.whl (44 kB)
Using cached yarl-1.24.5-cp311-cp311-macosx_11_0_arm64.whl (97 kB)
Using cached aiohappyeyeballs-2.7.1-py3-none-any.whl (15 kB)
Using cached aiosignal-1.4.0-py3-none-any.whl (7.5 kB)
Downloading decorator-5.3.1-py3-none-any.whl (10 kB)
Using cached frozenlist-1.8.0-cp311-cp311-macosx_11_0_arm64.whl (50 kB)
Downloading funcy-2.0-py2.py3-none-any.whl (30 kB)
Downloading google_resumable_media-2.10.1-py3-none-any.whl (81 kB)
Using cached h11-0.16.0-py3-none-any.whl (37 kB)
Using cached httpx-0.28.1-py3-none-any.whl (73 kB)
Using cached httpcore-1.0.9-py3-none-any.whl (78 kB)
Downloading hydra_core-1.3.5-py3-none-any.whl (155 kB)
Using cached omegaconf-2.3.1-py3-none-any.whl (79 kB)
Downloading iterative_telemetry-0.0.10-py3-none-any.whl (10 kB)
Using cached itsdangerous-2.2.0-py3-none-any.whl (16 kB)
Using cached kiwisolver-1.5.0-cp311-cp311-macosx_11_0_arm64.whl (63 kB)
Using cached markupsafe-3.0.3-cp311-cp311-macosx_11_0_arm64.whl (12 kB)
Using cached networkx-3.6.1-py3-none-any.whl (2.1 MB)
Using cached orjson-3.12.0-cp311-cp311-macosx_10_15_x86_64.macosx_11_0_arm64.macosx_10_15_universal2.whl (223 kB)
Using cached pillow-12.3.0-cp311-cp311-macosx_11_0_arm64.whl (4.8 MB)
Using cached prompt_toolkit-3.0.53-py3-none-any.whl (392 kB)
Using cached propcache-0.5.2-cp311-cp311-macosx_11_0_arm64.whl (52 kB)
Using cached psutil-7.2.2-cp36-abi3-macosx_11_0_arm64.whl (129 kB)
Using cached pyasn1_modules-0.4.2-py3-none-any.whl (181 kB)
Using cached pyasn1-0.6.4-py3-none-any.whl (84 kB)
Using cached pydantic_settings-2.15.0-py3-none-any.whl (69 kB)
Downloading pydot-4.0.1-py3-none-any.whl (37 kB)
Downloading pygit2-1.20.0-cp311-cp311-macosx_11_0_arm64.whl (5.7 MB)
   ━━━━━━━━━━━━━━━━━━━━━━━━━━━━━━━━━━━━━━━━ 5.7/5.7 MB 4.8 MB/s  0:00:01
Downloading pygtrie-2.5.0-py3-none-any.whl (25 kB)
Using cached pyparsing-3.3.2-py3-none-any.whl (122 kB)
Using cached python_dotenv-1.2.3-py3-none-any.whl (22 kB)
Using cached python_multipart-0.0.32-py3-none-any.whl (30 kB)
Using cached rich-15.0.0-py3-none-any.whl (310 kB)
Using cached pygments-2.21.0-py3-none-any.whl (1.3 MB)
Using cached markdown_it_py-4.2.0-py3-none-any.whl (91 kB)
Using cached mdurl-0.1.2-py3-none-any.whl (10.0 kB)
Downloading rich_toolkit-0.20.3-py3-none-any.whl (36 kB)
Using cached ruamel_yaml-0.19.1-py3-none-any.whl (118 kB)
Downloading semver-3.0.4-py3-none-any.whl (17 kB)
Downloading shortuuid-1.0.13-py3-none-any.whl (10 kB)
Using cached six-1.17.0-py2.py3-none-any.whl (11 kB)
Using cached tabulate-0.10.0-py3-none-any.whl (39 kB)
Using cached threadpoolctl-3.6.0-py3-none-any.whl (18 kB)
Downloading tomlkit-0.15.1-py3-none-any.whl (49 kB)
Using cached typer-0.27.1-py3-none-any.whl (122 kB)
Using cached annotated_doc-0.0.5-py3-none-any.whl (5.3 kB)
Using cached shellingham-1.5.4-py2.py3-none-any.whl (9.8 kB)
Using cached typing_inspection-0.4.4-py3-none-any.whl (14 kB)
Using cached tzdata-2026.3-py2.py3-none-any.whl (348 kB)
Downloading ujson-5.13.0-cp311-cp311-macosx_11_0_arm64.whl (54 kB)
Using cached httptools-0.8.0-cp311-cp311-macosx_11_0_arm64.whl (113 kB)
Using cached uvloop-0.22.1-cp311-cp311-macosx_10_9_universal2.whl (1.4 MB)
Downloading voluptuous-0.16.0-py3-none-any.whl (31 kB)
Using cached watchfiles-1.2.0-cp311-cp311-macosx_11_0_arm64.whl (394 kB)
Using cached wcwidth-0.8.2-py3-none-any.whl (323 kB)
Using cached websockets-17.0.1-cp311-cp311-macosx_11_0_arm64.whl (210 kB)
Using cached werkzeug-3.1.8-py3-none-any.whl (226 kB)
Downloading zc_lockfile-4.0-py3-none-any.whl (9.1 kB)
Using cached zipp-4.1.0-py3-none-any.whl (10 kB)
Using cached appdirs-1.4.4-py2.py3-none-any.whl (9.6 kB)
Using cached filelock-3.32.3-py3-none-any.whl (98 kB)
Using cached google_auth_oauthlib-1.4.0-py3-none-any.whl (19 kB)
Using cached requests_oauthlib-2.0.0-py2.py3-none-any.whl (24 kB)
Using cached oauthlib-3.3.1-py3-none-any.whl (160 kB)
Downloading google_cloud_storage_control-1.12.0-py3-none-any.whl (102 kB)
Downloading grpc_google_iam_v1-0.14.4-py3-none-any.whl (32 kB)
Using cached grpcio-1.83.0-cp311-cp311-macosx_11_0_universal2.whl (12.2 MB)
Downloading grpcio_status-1.62.3-py3-none-any.whl (14 kB)
Using cached iniconfig-2.3.0-py3-none-any.whl (7.5 kB)
Downloading mako-1.4.1-py3-none-any.whl (80 kB)
Using cached pycparser-3.0-py3-none-any.whl (48 kB)
Using cached tzlocal-5.4.4-py3-none-any.whl (18 kB)
Installing collected packages: pytz, pygtrie, funcy, appdirs, antlr4-python3-runtime, zipp, zc.lockfile, websockets, wcwidth, voluptuous, vine, uvloop, urllib3, ujson, tzlocal, tzdata, typing-extensions, tqdm, tomlkit, threadpoolctl, tabulate, sqlparse, smmap, six, shtab, shortuuid, shellingham, semver, ruamel.yaml, pyyaml, python-multipart, python-dotenv, pyparsing, pygments, pycparser, pyasn1, psutil, protobuf, propcache, pluggy, platformdirs, pillow, pathspec, packaging, orjson, oauthlib, numpy, networkx, multidict, mdurl, markupsafe, markdown, kiwisolver, joblib, itsdangerous, iniconfig, idna, httptools, h11, graphql-core, google-crc32c, fsspec, frozenlist, fonttools, flatten-dict, filelock, entrypoints, dvc-render, dpath, dnspython, distro, diskcache, dictdiffer, decorator, cycler, configobj, colorama, cloudpickle, click, charset_normalizer, certifi, cachetools, blinker, billiard, attrs, atpublic, annotated-types, annotated-doc, aiohappyeyeballs, yarl, werkzeug, uvicorn, typing-inspection, sqltrie, sqlalchemy, scipy, requests, querystring-parser, python-dateutil, pytest, pydot, pydantic-core, pyasn1-modules, pyarrow, proto-plus, prompt-toolkit, opentelemetry-api, omegaconf, markdown-it-py, Mako, Jinja2, importlib-metadata, httpcore, gunicorn, grpcio, graphql-relay, grandalf, googleapis-common-protos, google-resumable-media, gitdb, flufl.lock, email_validator, dvc-objects, dulwich, contourpy, click-plugins, click-didyoumean, cffi, anyio, amqp, aiosignal, watchfiles, starlette, scikit-learn, rich, requests-oauthlib, pygit2, pydantic, pandas, opentelemetry-semantic-conventions, matplotlib, kombu, iterative-telemetry, hydra-core, httpx, grpcio-status, graphene, gitpython, Flask, dvc-studio-client, dvc-data, docker, cryptography, click-repl, alembic, aiohttp, typer, rich-toolkit, pydantic-settings, opentelemetry-sdk, grpc-google-iam-v1, google-auth, celery, asyncssh, aiohttp-retry, scmrepo, mlflow, google-auth-oauthlib, google-api-core, fastapi-cli, dvc-task, dvc-http, gto, google-cloud-core, fastapi, google-cloud-storage-control, google-cloud-storage, dvc, gcsfs, dvc-gs

Successfully installed Flask-3.1.3 Jinja2-3.1.6 Mako-1.4.1 aiohappyeyeballs-2.7.1 aiohttp-3.14.3 aiohttp-retry-2.9.1 aiosignal-1.4.0 alembic-1.19.1 amqp-5.3.1 annotated-doc-0.0.5 annotated-types-0.8.0 antlr4-python3-runtime-4.9.3 anyio-4.14.2 appdirs-1.4.4 asyncssh-2.24.0 atpublic-7.0.0 attrs-26.1.0 billiard-4.2.4 blinker-1.9.0 cachetools-5.5.2 celery-5.6.3 certifi-2026.7.22 cffi-2.1.1 charset_normalizer-3.5.1 click-8.4.2 click-didyoumean-0.3.1 click-plugins-1.1.1.2 click-repl-0.3.0 cloudpickle-3.1.2 colorama-0.4.6 configobj-5.0.9 contourpy-1.3.3 cryptography-50.0.0 cycler-0.12.1 decorator-5.3.1 dictdiffer-0.10.0 diskcache-5.6.3 distro-1.9.0 dnspython-2.8.0 docker-7.2.0 dpath-2.2.0 dulwich-1.2.12 dvc-3.50.1 dvc-data-3.15.2 dvc-gs-3.1.0 dvc-http-2.32.0 dvc-objects-5.2.0 dvc-render-1.0.2 dvc-studio-client-0.23.0 dvc-task-0.40.2 email_validator-2.3.0 entrypoints-0.4 fastapi-0.111.0 fastapi-cli-0.0.32 filelock-3.32.3 flatten-dict-0.5.0 flufl.lock-7.1.1 fonttools-4.63.0 frozenlist-1.8.0 fsspec-2025.12.0 funcy-2.0 gcsfs-2025.12.0 gitdb-4.0.12 gitpython-3.1.59 google-api-core-2.30.3 google-auth-2.56.3 google-auth-oauthlib-1.4.0 google-cloud-core-2.6.1 google-cloud-storage-2.16.0 google-cloud-storage-control-1.12.0 google-crc32c-1.8.0 google-resumable-media-2.10.1 googleapis-common-protos-1.75.0 grandalf-0.8 graphene-3.4.3 graphql-core-3.2.11 graphql-relay-3.2.0 grpc-google-iam-v1-0.14.4 grpcio-1.83.0 grpcio-status-1.62.3 gto-1.10.1 gunicorn-22.0.0 h11-0.16.0 httpcore-1.0.9 httptools-0.8.0 httpx-0.28.1 hydra-core-1.3.5 idna-3.19 importlib-metadata-7.2.1 iniconfig-2.3.0 iterative-telemetry-0.0.10 itsdangerous-2.2.0 joblib-1.4.2 kiwisolver-1.5.0 kombu-5.6.2 markdown-3.10.3 markdown-it-py-4.2.0 markupsafe-3.0.3 matplotlib-3.11.1 mdurl-0.1.2 mlflow-2.13.0 multidict-6.7.1 networkx-3.6.1 numpy-1.26.4 oauthlib-3.3.1 omegaconf-2.3.1 opentelemetry-api-1.44.0 opentelemetry-sdk-1.44.0 opentelemetry-semantic-conventions-0.65b0 orjson-3.12.0 packaging-24.2 pandas-2.2.2 pathspec-0.11.2 pillow-12.3.0 platformdirs-3.11.0 pluggy-1.6.0 prompt-toolkit-3.0.53 propcache-0.5.2 proto-plus-1.28.2 protobuf-4.25.9 psutil-7.2.2 pyarrow-15.0.2 pyasn1-0.6.4 pyasn1-modules-0.4.2 pycparser-3.0 pydantic-2.13.4 pydantic-core-2.46.4 pydantic-settings-2.15.0 pydot-4.0.1 pygit2-1.20.0 pygments-2.21.0 pygtrie-2.5.0 pyparsing-3.3.2 pytest-8.2.0 python-dateutil-2.9.0.post0 python-dotenv-1.2.3 python-multipart-0.0.32 pytz-2024.2 pyyaml-6.0.1 querystring-parser-1.2.4 requests-2.34.2 requests-oauthlib-2.0.0 rich-15.0.0 rich-toolkit-0.20.3 ruamel.yaml-0.19.1 scikit-learn-1.4.2 scipy-1.17.1 scmrepo-3.6.2 semver-3.0.4 shellingham-1.5.4 shortuuid-1.0.13 shtab-1.11.0 six-1.17.0 smmap-5.0.3 sqlalchemy-2.0.52 sqlparse-0.6.0 sqltrie-0.11.2 starlette-0.37.2 tabulate-0.10.0 threadpoolctl-3.6.0 tomlkit-0.15.1 tqdm-4.70.0 typer-0.27.1 typing-extensions-4.16.0 typing-inspection-0.4.4 tzdata-2026.3 tzlocal-5.4.4 ujson-5.13.0 urllib3-2.7.0 uvicorn-0.29.0 uvloop-0.22.1 vine-5.1.0 voluptuous-0.16.0 watchfiles-1.2.0 wcwidth-0.8.2 websockets-17.0.1 werkzeug-3.1.8 yarl-1.24.5 zc.lockfile-4.0 zipp-4.1.0
+ .venv/bin/python generate_data.py
train_phase1.csv : 2998 mau
eval.csv         : 500 mau
train_phase2.csv : 2998 mau
+ wc -l data/eval.csv data/train_phase1.csv data/train_phase2.csv
     501 data/eval.csv
    2999 data/train_phase1.csv
    2999 data/train_phase2.csv
    6499 total
+ echo '=== ENV REBUILD DONE ==='
=== ENV REBUILD DONE ===
